mode: set
github.com/MrSafaran/expense-tracker/internal/handler/expense.go:16.64,20.2 1 1
github.com/MrSafaran/expense-tracker/internal/handler/expense.go:22.82,23.18 1 1
github.com/MrSafaran/expense-tracker/internal/handler/expense.go:25.22,26.29 1 1
github.com/MrSafaran/expense-tracker/internal/handler/expense.go:28.23,29.31 1 1
github.com/MrSafaran/expense-tracker/internal/handler/expense.go:31.10,36.4 1 1
github.com/MrSafaran/expense-tracker/internal/handler/expense.go:40.85,44.16 2 1
github.com/MrSafaran/expense-tracker/internal/handler/expense.go:44.16,51.3 2 0
github.com/MrSafaran/expense-tracker/internal/handler/expense.go:53.2,60.37 3 1
github.com/MrSafaran/expense-tracker/internal/handler/expense.go:63.87,68.16 3 1
github.com/MrSafaran/expense-tracker/internal/handler/expense.go:68.16,77.3 2 1
github.com/MrSafaran/expense-tracker/internal/handler/expense.go:79.2,81.16 2 1
github.com/MrSafaran/expense-tracker/internal/handler/expense.go:81.16,90.3 2 1
github.com/MrSafaran/expense-tracker/internal/handler/expense.go:92.2,99.36 3 1
github.com/MrSafaran/expense-tracker/internal/handler/expense.go:102.85,103.18 1 1
github.com/MrSafaran/expense-tracker/internal/handler/expense.go:105.22,106.32 1 1
github.com/MrSafaran/expense-tracker/internal/handler/expense.go:108.25,109.31 1 1
github.com/MrSafaran/expense-tracker/internal/handler/expense.go:111.22,112.31 1 1
github.com/MrSafaran/expense-tracker/internal/handler/expense.go:114.10,119.4 1 1
github.com/MrSafaran/expense-tracker/internal/handler/expense.go:123.87,132.16 3 1
github.com/MrSafaran/expense-tracker/internal/handler/expense.go:132.16,139.3 2 1
github.com/MrSafaran/expense-tracker/internal/handler/expense.go:141.2,143.16 2 1
github.com/MrSafaran/expense-tracker/internal/handler/expense.go:143.16,150.3 2 1
github.com/MrSafaran/expense-tracker/internal/handler/expense.go:152.2,152.37 1 1
github.com/MrSafaran/expense-tracker/internal/handler/expense.go:155.88,163.16 3 1
github.com/MrSafaran/expense-tracker/internal/handler/expense.go:163.16,170.3 2 1
github.com/MrSafaran/expense-tracker/internal/handler/expense.go:172.2,174.16 2 1
github.com/MrSafaran/expense-tracker/internal/handler/expense.go:174.16,181.3 2 1
github.com/MrSafaran/expense-tracker/internal/handler/expense.go:183.2,190.36 3 1
github.com/MrSafaran/expense-tracker/internal/handler/expense.go:193.87,201.16 3 1
github.com/MrSafaran/expense-tracker/internal/handler/expense.go:201.16,208.3 2 1
github.com/MrSafaran/expense-tracker/internal/handler/expense.go:210.2,214.16 3 1
github.com/MrSafaran/expense-tracker/internal/handler/expense.go:214.16,221.3 2 1
github.com/MrSafaran/expense-tracker/internal/handler/expense.go:223.2,225.16 2 1
github.com/MrSafaran/expense-tracker/internal/handler/expense.go:225.16,232.3 2 1
github.com/MrSafaran/expense-tracker/internal/handler/expense.go:234.2,241.36 3 1
github.com/MrSafaran/expense-tracker/internal/handler/health.go:8.60,19.2 3 1
github.com/MrSafaran/expense-tracker/internal/handler/home.go:12.58,21.2 4 1
